[debug] [2025-03-13T05:23:41.972Z] ----------------------------------------------------------------------
[debug] [2025-03-13T05:23:41.976Z] Command:       C:\Program Files\nodejs\node.exe C:\Users\satyanarayana.k\AppData\Roaming\npm\node_modules\firebase-tools\lib\bin\firebase.js init
[debug] [2025-03-13T05:23:41.977Z] CLI Version:   13.34.0
[debug] [2025-03-13T05:23:41.977Z] Platform:      win32
[debug] [2025-03-13T05:23:41.977Z] Node Version:  v18.20.7
[debug] [2025-03-13T05:23:41.979Z] Time:          Thu Mar 13 2025 10:53:41 GMT+0530 (India Standard Time)
[debug] [2025-03-13T05:23:41.980Z] ----------------------------------------------------------------------
[debug] 
[debug] [2025-03-13T05:23:41.988Z] > command requires scopes: ["email","openid","https://www.googleapis.com/auth/cloudplatformprojects.readonly","https://www.googleapis.com/auth/firebase","https://www.googleapis.com/auth/cloud-platform"]
[debug] [2025-03-13T05:23:41.989Z] > authorizing via signed-in user (kattiboinasatyanarayana@gmail.com)
[info] 
     ######## #### ########  ######## ########     ###     ######  ########
     ##        ##  ##     ## ##       ##     ##  ##   ##  ##       ##
     ######    ##  ########  ######   ########  #########  ######  ######
     ##        ##  ##    ##  ##       ##     ## ##     ##       ## ##
     ##       #### ##     ## ######## ########  ##     ##  ######  ########

You're about to initialize a Firebase project in this directory:

  C:\Users\satyanarayana.k\PostAssignmentASP.NET\PostAssignment\dataprocess

[info] 
=== Project Setup
[info] 
[info] First, let's associate this project directory with a Firebase project.
[info] You can create multiple project aliases by running firebase use --add, 
[info] but for now we'll just set up a default project.
[info] 
[info] i  If you want to create a project in a Google Cloud organization or folder, please use "firebase projects:create" instead, and return to this command when you've created the project. 
[debug] [2025-03-13T05:23:59.975Z] Checked if tokens are valid: true, expires at: 1741846994912
[debug] [2025-03-13T05:23:59.975Z] Checked if tokens are valid: true, expires at: 1741846994912
[debug] [2025-03-13T05:23:59.978Z] >>> [apiv2][query] POST https://cloudresourcemanager.googleapis.com/v1/projects [none]
[debug] [2025-03-13T05:23:59.978Z] >>> [apiv2][body] POST https://cloudresourcemanager.googleapis.com/v1/projects {"projectId":"sampledataprocess-satya99","name":"sampledataprocess-satya99"}
[debug] [2025-03-13T05:24:02.342Z] <<< [apiv2][status] POST https://cloudresourcemanager.googleapis.com/v1/projects 200
[debug] [2025-03-13T05:24:02.342Z] <<< [apiv2][body] POST https://cloudresourcemanager.googleapis.com/v1/projects {"name":"operations/cp.4615618666701459822"}
[debug] [2025-03-13T05:24:02.344Z] Checked if tokens are valid: true, expires at: 1741846994912
[debug] [2025-03-13T05:24:02.344Z] Checked if tokens are valid: true, expires at: 1741846994912
[debug] [2025-03-13T05:24:02.345Z] >>> [apiv2][query] GET https://cloudresourcemanager.googleapis.com/v1/operations/cp.4615618666701459822 [none]
[debug] [2025-03-13T05:24:04.167Z] <<< [apiv2][status] GET https://cloudresourcemanager.googleapis.com/v1/operations/cp.4615618666701459822 200
[debug] [2025-03-13T05:24:04.168Z] <<< [apiv2][body] GET https://cloudresourcemanager.googleapis.com/v1/operations/cp.4615618666701459822 {"name":"operations/cp.4615618666701459822"}
[debug] [2025-03-13T05:24:04.684Z] [Project Creation Poller] Retrying task index 0
[debug] [2025-03-13T05:24:04.684Z] Checked if tokens are valid: true, expires at: 1741846994912
[debug] [2025-03-13T05:24:04.684Z] Checked if tokens are valid: true, expires at: 1741846994912
[debug] [2025-03-13T05:24:04.684Z] >>> [apiv2][query] GET https://cloudresourcemanager.googleapis.com/v1/operations/cp.4615618666701459822 [none]
[debug] [2025-03-13T05:24:06.533Z] <<< [apiv2][status] GET https://cloudresourcemanager.googleapis.com/v1/operations/cp.4615618666701459822 200
[debug] [2025-03-13T05:24:06.533Z] <<< [apiv2][body] GET https://cloudresourcemanager.googleapis.com/v1/operations/cp.4615618666701459822 {"name":"operations/cp.4615618666701459822","metadata":{"@type":"type.googleapis.com/google.cloudresourcemanager.v1.ProjectCreationStatus","gettable":true,"ready":true},"done":true,"response":{"@type":"type.googleapis.com/google.cloudresourcemanager.v1.Project","projectNumber":"571753950384","projectId":"sampledataprocess-satya99","lifecycleState":"ACTIVE","name":"sampledataprocess-satya99","createTime":"2025-03-13T05:24:04.198314Z"}}
[debug] [2025-03-13T05:24:06.537Z] Checked if tokens are valid: true, expires at: 1741846994912
[debug] [2025-03-13T05:24:06.537Z] Checked if tokens are valid: true, expires at: 1741846994912
[debug] [2025-03-13T05:24:06.537Z] >>> [apiv2][query] POST https://firebase.googleapis.com/v1beta1/projects/sampledataprocess-satya99:addFirebase [none]
[debug] [2025-03-13T05:24:07.610Z] <<< [apiv2][status] POST https://firebase.googleapis.com/v1beta1/projects/sampledataprocess-satya99:addFirebase 403
[debug] [2025-03-13T05:24:07.610Z] <<< [apiv2][body] POST https://firebase.googleapis.com/v1beta1/projects/sampledataprocess-satya99:addFirebase {"error":{"code":403,"message":"The caller does not have permission","status":"PERMISSION_DENIED"}}
[debug] [2025-03-13T05:24:07.612Z] Request to https://firebase.googleapis.com/v1beta1/projects/sampledataprocess-satya99:addFirebase had HTTP Error: 403, The caller does not have permission
[debug] [2025-03-13T05:24:07.833Z] FirebaseError: Request to https://firebase.googleapis.com/v1beta1/projects/sampledataprocess-satya99:addFirebase had HTTP Error: 403, The caller does not have permission
    at responseToError (C:\Users\satyanarayana.k\AppData\Roaming\npm\node_modules\firebase-tools\lib\responseToError.js:52:12)
    at RetryOperation._fn (C:\Users\satyanarayana.k\AppData\Roaming\npm\node_modules\firebase-tools\lib\apiv2.js:312:77)
    at process.processTicksAndRejections (node:internal/process/task_queues:95:5)
[error] 
[error] Error: Failed to add Firebase to Google Cloud Platform project. See firebase-debug.log for more info.
